Tokens (9):
[ASM           ] asm                         at (row=1, s_col=1, e_col=4)
[LBRACE        ] {                           at (row=1, s_col=5, e_col=6)
[RBRACE        ] }                           at (row=3, s_col=1, e_col=2)
[ERROR_KEYWORD ] Error                       at (row=5, s_col=1, e_col=6)
[LPAREN        ] (                           at (row=5, s_col=6, e_col=7)
[STRING_LITERAL] "err msg"     err msg       at (row=5, s_col=7, e_col=16)
[RPAREN        ] )                           at (row=5, s_col=16, e_col=17)
[SEMICOLON     ] ;                           at (row=5, s_col=17, e_col=18)
[EOF_          ]                             at (row=6, s_col=1, e_col=1)
