Tokens (55):
[FUNC          ] func                        at (row=1, s_col=1, e_col=5)
[IDENTIFIER    ] foo                         at (row=1, s_col=6, e_col=9)
[LPAREN        ] (                           at (row=1, s_col=10, e_col=11)
[RPAREN        ] )                           at (row=1, s_col=11, e_col=12)
[RETURNS       ] returns                     at (row=1, s_col=13, e_col=20)
[LPAREN        ] (                           at (row=1, s_col=21, e_col=22)
[IDENTIFIER    ] z                           at (row=1, s_col=22, e_col=23)
[COLON         ] :                           at (row=1, s_col=23, e_col=24)
[I32           ] i32                         at (row=1, s_col=25, e_col=28)
[RPAREN        ] )                           at (row=1, s_col=28, e_col=29)
[LBRACE        ] {                           at (row=1, s_col=30, e_col=31)
[IDENTIFIER    ] z                           at (row=2, s_col=5, e_col=6)
[EQUAL         ] =                           at (row=2, s_col=7, e_col=8)
[INT_LITERAL   ] 18            18            at (row=2, s_col=9, e_col=11)
[SEMICOLON     ] ;                           at (row=2, s_col=11, e_col=12)
[RBRACE        ] }                           at (row=3, s_col=1, e_col=2)
[FUNC          ] func                        at (row=4, s_col=1, e_col=5)
[IDENTIFIER    ] bar                         at (row=4, s_col=6, e_col=9)
[LPAREN        ] (                           at (row=4, s_col=10, e_col=11)
[RPAREN        ] )                           at (row=4, s_col=11, e_col=12)
[RETURNS       ] returns                     at (row=4, s_col=13, e_col=20)
[LPAREN        ] (                           at (row=4, s_col=21, e_col=22)
[IDENTIFIER    ] z                           at (row=4, s_col=22, e_col=23)
[COLON         ] :                           at (row=4, s_col=23, e_col=24)
[I32           ] i32                         at (row=4, s_col=25, e_col=28)
[RPAREN        ] )                           at (row=4, s_col=28, e_col=29)
[LBRACE        ] {                           at (row=4, s_col=30, e_col=31)
[RETURN        ] return                      at (row=5, s_col=5, e_col=11)
[INT_LITERAL   ] 5             5             at (row=5, s_col=12, e_col=13)
[SEMICOLON     ] ;                           at (row=5, s_col=13, e_col=14)
[RBRACE        ] }                           at (row=6, s_col=1, e_col=2)
[FUNC          ] func                        at (row=8, s_col=1, e_col=5)
[IDENTIFIER    ] foo_2                       at (row=8, s_col=6, e_col=11)
[LPAREN        ] (                           at (row=8, s_col=11, e_col=12)
[MUT           ] mut                         at (row=8, s_col=12, e_col=15)
[IDENTIFIER    ] x                           at (row=8, s_col=16, e_col=17)
[COLON         ] :                           at (row=8, s_col=17, e_col=18)
[I32           ] i32                         at (row=8, s_col=19, e_col=22)
[COMMA         ] ,                           at (row=8, s_col=22, e_col=23)
[READ          ] read                        at (row=8, s_col=24, e_col=28)
[IDENTIFIER    ] y                           at (row=8, s_col=29, e_col=30)
[COLON         ] :                           at (row=8, s_col=30, e_col=31)
[I32           ] i32                         at (row=8, s_col=32, e_col=35)
[COMMA         ] ,                           at (row=8, s_col=35, e_col=36)
[TAKE          ] take                        at (row=8, s_col=37, e_col=41)
[IDENTIFIER    ] z                           at (row=8, s_col=42, e_col=43)
[COLON         ] :                           at (row=8, s_col=43, e_col=44)
[I32           ] i32                         at (row=8, s_col=45, e_col=48)
[RPAREN        ] )                           at (row=8, s_col=48, e_col=49)
[LBRACE        ] {                           at (row=8, s_col=50, e_col=51)
[PRINT         ] print                       at (row=9, s_col=5, e_col=10)
[STRING_LITERAL] "hi"          hi            at (row=9, s_col=11, e_col=15)
[SEMICOLON     ] ;                           at (row=9, s_col=15, e_col=16)
[RBRACE        ] }                           at (row=12, s_col=1, e_col=2)
[EOF_          ]                             at (row=13, s_col=1, e_col=1)
