Tokens (44):
[MUT           ] mut                         at (row=1, s_col=1, e_col=4)
[IDENTIFIER    ] px                          at (row=1, s_col=5, e_col=7)
[COLON         ] :                           at (row=1, s_col=8, e_col=9)
[PTR           ] ptr                         at (row=1, s_col=10, e_col=13)
[LANGLE        ] <                           at (row=1, s_col=13, e_col=14)
[MUT           ] mut                         at (row=1, s_col=14, e_col=17)
[I32           ] i32                         at (row=1, s_col=18, e_col=21)
[RANGLE        ] >                           at (row=1, s_col=21, e_col=22)
[SEMICOLON     ] ;                           at (row=1, s_col=22, e_col=23)
[IDENTIFIER    ] px                          at (row=3, s_col=1, e_col=3)
[EQUAL         ] =                           at (row=3, s_col=4, e_col=5)
[NEW           ] new                         at (row=3, s_col=6, e_col=9)
[LANGLE        ] <                           at (row=3, s_col=9, e_col=10)
[MUT           ] mut                         at (row=3, s_col=10, e_col=13)
[I32           ] i32                         at (row=3, s_col=14, e_col=17)
[RANGLE        ] >                           at (row=3, s_col=17, e_col=18)
[LBRACK        ] [                           at (row=3, s_col=18, e_col=19)
[INT_LITERAL   ] 3             3             at (row=3, s_col=19, e_col=20)
[RBRACK        ] ]                           at (row=3, s_col=20, e_col=21)
[SEMICOLON     ] ;                           at (row=3, s_col=21, e_col=22)
[FREE          ] free                        at (row=4, s_col=1, e_col=5)
[LBRACK        ] [                           at (row=4, s_col=5, e_col=6)
[RBRACK        ] ]                           at (row=4, s_col=6, e_col=7)
[IDENTIFIER    ] px                          at (row=4, s_col=8, e_col=10)
[SEMICOLON     ] ;                           at (row=4, s_col=10, e_col=11)
[IDENTIFIER    ] px                          at (row=6, s_col=1, e_col=3)
[EQUAL         ] =                           at (row=6, s_col=4, e_col=5)
[NULL_         ] null                        at (row=6, s_col=6, e_col=10)
[SEMICOLON     ] ;                           at (row=6, s_col=10, e_col=11)
[IDENTIFIER    ] px                          at (row=8, s_col=1, e_col=3)
[EQUAL         ] =                           at (row=8, s_col=4, e_col=5)
[NEW           ] new                         at (row=8, s_col=6, e_col=9)
[LANGLE        ] <                           at (row=8, s_col=9, e_col=10)
[MUT           ] mut                         at (row=8, s_col=10, e_col=13)
[I32           ] i32                         at (row=8, s_col=14, e_col=17)
[RANGLE        ] >                           at (row=8, s_col=17, e_col=18)
[LPAREN        ] (                           at (row=8, s_col=18, e_col=19)
[INT_LITERAL   ] 15            15            at (row=8, s_col=19, e_col=21)
[RPAREN        ] )                           at (row=8, s_col=21, e_col=22)
[SEMICOLON     ] ;                           at (row=8, s_col=22, e_col=23)
[FREE          ] free                        at (row=9, s_col=1, e_col=5)
[IDENTIFIER    ] px                          at (row=9, s_col=6, e_col=8)
[SEMICOLON     ] ;                           at (row=9, s_col=8, e_col=9)
[EOF_          ]                             at (row=10, s_col=1, e_col=1)
