Tokens (53):
[MUT           ] mut                         at (row=2, s_col=1, e_col=4)
[IDENTIFIER    ] x                           at (row=2, s_col=5, e_col=6)
[COLON         ] :                           at (row=2, s_col=7, e_col=8)
[I32           ] i32                         at (row=2, s_col=9, e_col=12)
[EQUAL         ] =                           at (row=2, s_col=13, e_col=14)
[INT_LITERAL   ] 3             3             at (row=2, s_col=15, e_col=16)
[SEMICOLON     ] ;                           at (row=2, s_col=16, e_col=17)
[MUT           ] mut                         at (row=3, s_col=1, e_col=4)
[IDENTIFIER    ] px                          at (row=3, s_col=5, e_col=7)
[COLON         ] :                           at (row=3, s_col=8, e_col=9)
[PTR           ] ptr                         at (row=3, s_col=10, e_col=13)
[LANGLE        ] <                           at (row=3, s_col=13, e_col=14)
[IMM           ] imm                         at (row=3, s_col=14, e_col=17)
[I32           ] i32                         at (row=3, s_col=18, e_col=21)
[RANGLE        ] >                           at (row=3, s_col=21, e_col=22)
[EQUAL         ] =                           at (row=3, s_col=23, e_col=24)
[AMPERSAND     ] &                           at (row=3, s_col=25, e_col=26)
[IDENTIFIER    ] x                           at (row=3, s_col=26, e_col=27)
[SEMICOLON     ] ;                           at (row=3, s_col=27, e_col=28)
[MUT           ] mut                         at (row=4, s_col=1, e_col=4)
[IDENTIFIER    ] px                          at (row=4, s_col=5, e_col=7)
[COLON         ] :                           at (row=4, s_col=8, e_col=9)
[PTR           ] ptr                         at (row=4, s_col=10, e_col=13)
[LANGLE        ] <                           at (row=4, s_col=13, e_col=14)
[MUT           ] mut                         at (row=4, s_col=14, e_col=17)
[I32           ] i32                         at (row=4, s_col=18, e_col=21)
[RANGLE        ] >                           at (row=4, s_col=21, e_col=22)
[EQUAL         ] =                           at (row=4, s_col=23, e_col=24)
[AMPERSAND     ] &                           at (row=4, s_col=25, e_col=26)
[MUT           ] mut                         at (row=4, s_col=26, e_col=29)
[IDENTIFIER    ] x                           at (row=4, s_col=30, e_col=31)
[SEMICOLON     ] ;                           at (row=4, s_col=31, e_col=32)
[IDENTIFIER    ] px                          at (row=7, s_col=1, e_col=3)
[EQUAL         ] =                           at (row=7, s_col=4, e_col=5)
[AMPERSAND     ] &                           at (row=7, s_col=6, e_col=7)
[IDENTIFIER    ] x                           at (row=7, s_col=7, e_col=8)
[SEMICOLON     ] ;                           at (row=7, s_col=8, e_col=9)
[PRINT         ] print                       at (row=8, s_col=1, e_col=6)
[IDENTIFIER    ] px                          at (row=8, s_col=7, e_col=9)
[SEMICOLON     ] ;                           at (row=8, s_col=9, e_col=10)
[PRINT         ] print                       at (row=9, s_col=1, e_col=6)
[STAR          ] *                           at (row=9, s_col=7, e_col=8)
[IDENTIFIER    ] px                          at (row=9, s_col=8, e_col=10)
[SEMICOLON     ] ;                           at (row=9, s_col=10, e_col=11)
[PRINT         ] print                       at (row=10, s_col=1, e_col=6)
[STAR          ] *                           at (row=10, s_col=7, e_col=8)
[LPAREN        ] (                           at (row=10, s_col=8, e_col=9)
[IDENTIFIER    ] px                          at (row=10, s_col=9, e_col=11)
[PLUS          ] +                           at (row=10, s_col=12, e_col=13)
[INT_LITERAL   ] 0             0             at (row=10, s_col=14, e_col=15)
[RPAREN        ] )                           at (row=10, s_col=15, e_col=16)
[SEMICOLON     ] ;                           at (row=10, s_col=16, e_col=17)
[EOF_          ]                             at (row=11, s_col=1, e_col=1)
