Tokens (53):
[MUT           ] mut                         at (row=2, col=1-4)
[IDENTIFIER    ] x                           at (row=2, col=5-6)
[COLON         ] :                           at (row=2, col=7-8)
[I32           ] i32                         at (row=2, col=9-12)
[EQUAL         ] =                           at (row=2, col=13-14)
[INT_LITERAL   ] 3             3             at (row=2, col=15-16)
[SEMICOLON     ] ;                           at (row=2, col=16-17)
[MUT           ] mut                         at (row=3, col=1-4)
[IDENTIFIER    ] px                          at (row=3, col=5-7)
[COLON         ] :                           at (row=3, col=8-9)
[PTR           ] ptr                         at (row=3, col=10-13)
[LANGLE        ] <                           at (row=3, col=13-14)
[IMM           ] imm                         at (row=3, col=14-17)
[I32           ] i32                         at (row=3, col=18-21)
[RANGLE        ] >                           at (row=3, col=21-22)
[EQUAL         ] =                           at (row=3, col=23-24)
[AMPERSAND     ] &                           at (row=3, col=25-26)
[IDENTIFIER    ] x                           at (row=3, col=26-27)
[SEMICOLON     ] ;                           at (row=3, col=27-28)
[MUT           ] mut                         at (row=4, col=1-4)
[IDENTIFIER    ] px                          at (row=4, col=5-7)
[COLON         ] :                           at (row=4, col=8-9)
[PTR           ] ptr                         at (row=4, col=10-13)
[LANGLE        ] <                           at (row=4, col=13-14)
[MUT           ] mut                         at (row=4, col=14-17)
[I32           ] i32                         at (row=4, col=18-21)
[RANGLE        ] >                           at (row=4, col=21-22)
[EQUAL         ] =                           at (row=4, col=23-24)
[AMPERSAND     ] &                           at (row=4, col=25-26)
[MUT           ] mut                         at (row=4, col=26-29)
[IDENTIFIER    ] x                           at (row=4, col=30-31)
[SEMICOLON     ] ;                           at (row=4, col=31-32)
[IDENTIFIER    ] px                          at (row=7, col=1-3)
[EQUAL         ] =                           at (row=7, col=4-5)
[AMPERSAND     ] &                           at (row=7, col=6-7)
[IDENTIFIER    ] x                           at (row=7, col=7-8)
[SEMICOLON     ] ;                           at (row=7, col=8-9)
[PRINT         ] print                       at (row=8, col=1-6)
[IDENTIFIER    ] px                          at (row=8, col=7-9)
[SEMICOLON     ] ;                           at (row=8, col=9-10)
[PRINT         ] print                       at (row=9, col=1-6)
[STAR          ] *                           at (row=9, col=7-8)
[IDENTIFIER    ] px                          at (row=9, col=8-10)
[SEMICOLON     ] ;                           at (row=9, col=10-11)
[PRINT         ] print                       at (row=10, col=1-6)
[STAR          ] *                           at (row=10, col=7-8)
[LPAREN        ] (                           at (row=10, col=8-9)
[IDENTIFIER    ] px                          at (row=10, col=9-11)
[PLUS          ] +                           at (row=10, col=12-13)
[INT_LITERAL   ] 0             0             at (row=10, col=14-15)
[RPAREN        ] )                           at (row=10, col=15-16)
[SEMICOLON     ] ;                           at (row=10, col=16-17)
[EOF_          ]                             at (row=11, col=1-1)
