Tokens (66):
[STRUCT        ] struct                      at (row=1, s_col=1, e_col=7)
[IDENTIFIER    ] Point                       at (row=1, s_col=8, e_col=13)
[LBRACE        ] {                           at (row=1, s_col=14, e_col=15)
[IDENTIFIER    ] x                           at (row=2, s_col=5, e_col=6)
[COLON         ] :                           at (row=2, s_col=6, e_col=7)
[I32           ] i32                         at (row=2, s_col=8, e_col=11)
[COMMA         ] ,                           at (row=2, s_col=11, e_col=12)
[IDENTIFIER    ] y                           at (row=3, s_col=5, e_col=6)
[COLON         ] :                           at (row=3, s_col=6, e_col=7)
[I32           ] i32                         at (row=3, s_col=8, e_col=11)
[COMMA         ] ,                           at (row=3, s_col=11, e_col=12)
[FUNC          ] func                        at (row=5, s_col=5, e_col=9)
[IDENTIFIER    ] is_origin                   at (row=5, s_col=10, e_col=19)
[LPAREN        ] (                           at (row=5, s_col=19, e_col=20)
[RPAREN        ] )                           at (row=5, s_col=20, e_col=21)
[RETURNS       ] returns                     at (row=5, s_col=22, e_col=29)
[LPAREN        ] (                           at (row=5, s_col=30, e_col=31)
[IDENTIFIER    ] r                           at (row=5, s_col=31, e_col=32)
[COLON         ] :                           at (row=5, s_col=32, e_col=33)
[U8            ] u8                          at (row=5, s_col=34, e_col=36)
[RPAREN        ] )                           at (row=5, s_col=36, e_col=37)
[LBRACE        ] {                           at (row=5, s_col=38, e_col=39)
[RETURN        ] return                      at (row=6, s_col=9, e_col=15)
[IDENTIFIER    ] x                           at (row=6, s_col=16, e_col=17)
[EQUAL_EQUAL   ] ==                          at (row=6, s_col=18, e_col=20)
[INT_LITERAL   ] 0             0             at (row=6, s_col=21, e_col=22)
[AND           ] and                         at (row=6, s_col=23, e_col=26)
[IDENTIFIER    ] y                           at (row=6, s_col=27, e_col=28)
[EQUAL_EQUAL   ] ==                          at (row=6, s_col=29, e_col=31)
[INT_LITERAL   ] 0             0             at (row=6, s_col=32, e_col=33)
[SEMICOLON     ] ;                           at (row=6, s_col=33, e_col=34)
[RBRACE        ] }                           at (row=7, s_col=5, e_col=6)
[RBRACE        ] }                           at (row=8, s_col=1, e_col=2)
[MUT           ] mut                         at (row=10, s_col=1, e_col=4)
[IDENTIFIER    ] origin                      at (row=10, s_col=5, e_col=11)
[WALRUS        ] :=                          at (row=10, s_col=12, e_col=14)
[IDENTIFIER    ] Point                       at (row=10, s_col=15, e_col=20)
[LPAREN        ] (                           at (row=10, s_col=20, e_col=21)
[IDENTIFIER    ] x                           at (row=10, s_col=21, e_col=22)
[EQUAL         ] =                           at (row=10, s_col=23, e_col=24)
[INT_LITERAL   ] 0             0             at (row=10, s_col=25, e_col=26)
[COMMA         ] ,                           at (row=10, s_col=26, e_col=27)
[IDENTIFIER    ] y                           at (row=10, s_col=28, e_col=29)
[EQUAL         ] =                           at (row=10, s_col=30, e_col=31)
[INT_LITERAL   ] 0             0             at (row=10, s_col=32, e_col=33)
[RPAREN        ] )                           at (row=10, s_col=33, e_col=34)
[SEMICOLON     ] ;                           at (row=10, s_col=34, e_col=35)
[MUT           ] mut                         at (row=12, s_col=1, e_col=4)
[IDENTIFIER    ] x_o                         at (row=12, s_col=5, e_col=8)
[COLON         ] :                           at (row=12, s_col=9, e_col=10)
[I32           ] i32                         at (row=12, s_col=11, e_col=14)
[EQUAL         ] =                           at (row=12, s_col=15, e_col=16)
[IDENTIFIER    ] origin                      at (row=12, s_col=17, e_col=23)
[DOT           ] .                           at (row=12, s_col=23, e_col=24)
[IDENTIFIER    ] x                           at (row=12, s_col=24, e_col=25)
[SEMICOLON     ] ;                           at (row=12, s_col=25, e_col=26)
[MUT           ] mut                         at (row=13, s_col=1, e_col=4)
[IDENTIFIER    ] y_o                         at (row=13, s_col=5, e_col=8)
[COLON         ] :                           at (row=13, s_col=9, e_col=10)
[I32           ] i32                         at (row=13, s_col=11, e_col=14)
[EQUAL         ] =                           at (row=13, s_col=15, e_col=16)
[IDENTIFIER    ] origin                      at (row=13, s_col=17, e_col=23)
[DOT           ] .                           at (row=13, s_col=23, e_col=24)
[IDENTIFIER    ] y                           at (row=13, s_col=24, e_col=25)
[SEMICOLON     ] ;                           at (row=13, s_col=25, e_col=26)
[EOF_          ]                             at (row=14, s_col=1, e_col=1)
