Tokens (44):
[MUT           ] mut                         at (row=2, s_col=1, e_col=4)
[IDENTIFIER    ] x                           at (row=2, s_col=5, e_col=6)
[COLON         ] :                           at (row=2, s_col=6, e_col=7)
[I32           ] i32                         at (row=2, s_col=8, e_col=11)
[SEMICOLON     ] ;                           at (row=2, s_col=11, e_col=12)
[MUT           ] mut                         at (row=4, s_col=1, e_col=4)
[IDENTIFIER    ] y                           at (row=4, s_col=5, e_col=6)
[COLON         ] :                           at (row=4, s_col=6, e_col=7)
[I32           ] i32                         at (row=4, s_col=8, e_col=11)
[EQUAL         ] =                           at (row=4, s_col=12, e_col=13)
[INT_LITERAL   ] 3             3             at (row=4, s_col=14, e_col=15)
[SEMICOLON     ] ;                           at (row=4, s_col=15, e_col=16)
[IDENTIFIER    ] z                           at (row=5, s_col=1, e_col=2)
[COLON         ] :                           at (row=5, s_col=2, e_col=3)
[I32           ] i32                         at (row=5, s_col=4, e_col=7)
[EQUAL         ] =                           at (row=5, s_col=8, e_col=9)
[INT_LITERAL   ] 5             5             at (row=5, s_col=10, e_col=11)
[SEMICOLON     ] ;                           at (row=5, s_col=11, e_col=12)
[MUT           ] mut                         at (row=7, s_col=1, e_col=4)
[IDENTIFIER    ] a                           at (row=7, s_col=5, e_col=6)
[WALRUS        ] :=                          at (row=7, s_col=7, e_col=9)
[INT_LITERAL   ] 10            10            at (row=7, s_col=10, e_col=12)
[SEMICOLON     ] ;                           at (row=7, s_col=12, e_col=13)
[IDENTIFIER    ] b                           at (row=8, s_col=1, e_col=2)
[WALRUS        ] :=                          at (row=8, s_col=3, e_col=5)
[STRING_LITERAL] "hello"       hello         at (row=8, s_col=6, e_col=13)
[SEMICOLON     ] ;                           at (row=8, s_col=13, e_col=14)
[MUT           ] mut                         at (row=11, s_col=1, e_col=4)
[IDENTIFIER    ] x                           at (row=11, s_col=5, e_col=6)
[WALRUS        ] :=                          at (row=11, s_col=7, e_col=9)
[INT_LITERAL   ] 3             3             at (row=11, s_col=10, e_col=11)
[SEMICOLON     ] ;                           at (row=11, s_col=11, e_col=12)
[MUT           ] mut                         at (row=12, s_col=1, e_col=4)
[IDENTIFIER    ] y                           at (row=12, s_col=5, e_col=6)
[COLON         ] :                           at (row=12, s_col=7, e_col=8)
[I32           ] i32                         at (row=12, s_col=9, e_col=12)
[EQUAL         ] =                           at (row=12, s_col=13, e_col=14)
[INT_LITERAL   ] 2             2             at (row=12, s_col=15, e_col=16)
[SEMICOLON     ] ;                           at (row=12, s_col=16, e_col=17)
[IDENTIFIER    ] x                           at (row=14, s_col=1, e_col=2)
[EQUAL         ] =                           at (row=14, s_col=3, e_col=4)
[INT_LITERAL   ] 13            13            at (row=14, s_col=5, e_col=7)
[SEMICOLON     ] ;                           at (row=14, s_col=7, e_col=8)
[EOF_          ]                             at (row=15, s_col=1, e_col=1)
